@REPORT 1.333

@REPORT 1333.0 / 1000.0

@REPORT 1.0 / 1000.0 + 333.0 / 1000.0

@REPORT 1.0

@REPORT 1

@REPORT 0.0

@REPORT 0

@REPORT 1.0 + 0.333